$ curl -s http://localhost:5174/ > /dev/null && echo "App is accessible" || echo "App is not accessible"
App is accessible
$ pnpm run build


> ai-gesture-control@0.0.0 build /workspace/shadcn-ui
> tsc && vite build

vite v5.0.0 building for production...
transforming...
✓ 4 modules transformed.
[vite:css] [postcss] Cannot find module '@tailwindcss/aspect-ratio'
Require stack:
- /workspace/shadcn-ui/tailwind.config.ts
file: /workspace/shadcn-ui/src/index.css:undefined:NaN
error during build:
Error: [postcss] Cannot find module '@tailwindcss/aspect-ratio'
Require stack:
- /workspace/shadcn-ui/tailwind.config.ts
    at Module._resolveFilename (node:internal/modules/cjs/loader:1144:15)
    at Function.resolve (node:internal/modules/helpers:187:19)
    at _resolve (/workspace/shadcn-ui/node_modules/.pnpm/jiti@1.21.7/node_modules/jiti/dist/jiti.js:1:246378)
    at jiti (/workspace/shadcn-ui/node_modules/.pnpm/jiti@1.21.7/node_modules/jiti/dist/jiti.js:1:249092)
    at /workspace/shadcn-ui/tailwind.config.ts:3:20
    at evalModule (/workspace/shadcn-ui/node_modules/.pnpm/jiti@1.21.7/node_modules/jiti/dist/jiti.js:1:251913)
    at jiti (/workspace/shadcn-ui/node_modules/.pnpm/jiti@1.21.7/node_modules/jiti/dist/jiti.js:1:249841)
    at /workspace/shadcn-ui/node_modules/.pnpm/tailwindcss@3.3.5/node_modules/tailwindcss/lib/lib/load-config.js:37:30
    at loadConfig (/workspace/shadcn-ui/node_modules/.pnpm/tailwindcss@3.3.5/node_modules/tailwindcss/lib/lib/load-config.js:39:6)
    at getTailwindConfig (/workspace/shadcn-ui/node_modules/.pnpm/tailwindcss@3.3.5/node_modules/tailwindcss/lib/lib/setupTrackingContext.js:71:116)
 ELIFECYCLE  Command failed with exit code 1.
$ pnpm run build


> ai-gesture-control@0.0.0 build /workspace/shadcn-ui
> tsc && vite build

vite v5.0.0 building for production...
transforming...
✓ 1351 modules transformed.
rendering chunks...
computing gzip size...
dist/index.html                           0.82 kB │ gzip:   0.42 kB
dist/assets/index-DcZALkia.css           59.99 kB │ gzip:  10.63 kB
dist/assets/handpose.esm-DMpeYy2Q.js    226.39 kB │ gzip:  38.79 kB
dist/assets/index-Dn3c5NmE.js         1,860.97 kB │ gzip: 338.07 kB

(!) Some chunks are larger than 500 kB after minification. Consider:
- Using dynamic import() to code-split the application
- Use build.rollupOptions.output.manualChunks to improve chunking: https://rollupjs.org/configuration-options/#output-manualchunks
- Adjust chunk size limit for this warning via build.chunkSizeWarningLimit.
✓ built in 10.67s
$ pnpm run build


> ai-gesture-control@0.0.0 build /workspace/shadcn-ui
> tsc && vite build

vite v5.0.0 building for production...
transforming...
✓ 1351 modules transformed.
rendering chunks...
computing gzip size...
dist/index.html                           0.82 kB │ gzip:   0.43 kB
dist/assets/index-DcZALkia.css           59.99 kB │ gzip:  10.63 kB
dist/assets/handpose.esm-D54xJIfp.js    226.39 kB │ gzip:  38.79 kB
dist/assets/index-9Gfjyz1C.js         1,861.03 kB │ gzip: 338.12 kB

(!) Some chunks are larger than 500 kB after minification. Consider:
- Using dynamic import() to code-split the application
- Use build.rollupOptions.output.manualChunks to improve chunking: https://rollupjs.org/configuration-options/#output-manualchunks
- Adjust chunk size limit for this warning via build.chunkSizeWarningLimit.
✓ built in 10.69s
$ pnpm run lint && pnpm run build


> ai-gesture-control@0.0.0 lint /workspace/shadcn-ui
> eslint .


Oops! Something went wrong! :(

ESLint: 8.53.0


A config object has a "plugins" key defined as an array of strings.

Flat config requires "plugins" to be an object in this form:

    {
        plugins: {
            @typescript-eslint: pluginObject
        }
    }

Please see the following page for information on how to convert your config object into the correct format:
https://eslint.org/docs/latest/use/configure/migration-guide#importing-plugins-and-custom-parsers

If you're using a shareable config that you cannot rewrite in flat config format, then use the compatibility utility:
https://eslint.org/docs/latest/use/configure/migration-guide#using-eslintrc-configs-in-flat-config

 ELIFECYCLE  Command failed with exit code 2.
$ pnpm i -D typescript-eslint eslint-plugin-react-refresh eslint-plugin-react-hooks

Progress: resolved 1, reused 0, downloaded 0, added 0
Progress: resolved 1, reused 1, downloaded 0, added 0
 WARN  deprecated eslint@8.53.0: This version is no longer supported. Please see https://eslint.org/version-support for other options.
Progress: resolved 65, reused 64, downloaded 1, added 0
 WARN  deprecated eslint-define-config@1.24.1: Package no longer supported. Contact Support at https://www.npmjs.com/support for more info.
Progress: resolved 481, reused 446, downloaded 1, added 0
Progress: resolved 523, reused 465, downloaded 7, added 0
 WARN  5 deprecated subdependencies found: @humanwhocodes/config-array@0.11.14, @humanwhocodes/object-schema@2.0.3, glob@7.2.3, inflight@1.0.6, rimraf@3.0.2
Packages: +14
++++++++++++++
Progress: resolved 528, reused 468, downloaded 11, added 3
Progress: resolved 528, reused 468, downloaded 11, added 12
Progress: resolved 528, reused 468, downloaded 11, added 13
Progress: resolved 528, reused 468, downloaded 11, added 14, done
 WARN  Issues with peer dependencies found
.
└─┬ typescript-eslint 8.39.0
  ├── ✕ unmet peer eslint@"^8.57.0 || ^9.0.0": found 8.53.0
  ├─┬ @typescript-eslint/parser 8.39.0
  │ └── ✕ unmet peer eslint@"^8.57.0 || ^9.0.0": found 8.53.0
  ├─┬ @typescript-eslint/utils 8.39.0
  │ └── ✕ unmet peer eslint@"^8.57.0 || ^9.0.0": found 8.53.0
  └─┬ @typescript-eslint/eslint-plugin 8.39.0
    ├── ✕ unmet peer eslint@"^8.57.0 || ^9.0.0": found 8.53.0
    └─┬ @typescript-eslint/type-utils 8.39.0
      └── ✕ unmet peer eslint@"^8.57.0 || ^9.0.0": found 8.53.0

devDependencies:
+ typescript-eslint 8.39.0

╭ Warning ─────────────────────────────────────────────────────────────────────╮
│                                                                              │
│   Ignored build scripts: @swc/core, core-js, esbuild.                        │
│   Run "pnpm approve-builds" to pick which dependencies should be allowed     │
│   to run scripts.                                                            │
│                                                                              │
╰──────────────────────────────────────────────────────────────────────────────╯

Done in 8.6s using pnpm v10.14.0
